Fitter Status : Successful - Sun Aug 25 17:14:35 2019
Quartus II 64-Bit Version : 13.0.1 Build 232 06/12/2013 SP 1 SJ Full Version
Revision Name : register_file_fpga
Top-level Entity Name : register_file_fpga
Family : Cyclone IV E
Device : EP4CE115F29C8
Timing Models : Final
Total logic elements : 310 / 114,480 ( < 1 % )
    Total combinational functions : 306 / 114,480 ( < 1 % )
    Dedicated logic registers : 124 / 114,480 ( < 1 % )
Total registers : 124
Total pins : 41 / 529 ( 8 % )
Total virtual pins : 0
Total memory bits : 0 / 3,981,312 ( 0 % )
Embedded Multiplier 9-bit elements : 0 / 532 ( 0 % )
Total PLLs : 0 / 4 ( 0 % )
Analysis & Synthesis Status : Successful - Sun Aug 25 17:14:22 2019
Quartus II 64-Bit Version : 13.0.1 Build 232 06/12/2013 SP 1 SJ Full Version
Revision Name : register_file_fpga
Top-level Entity Name : register_file_fpga
Family : Cyclone IV E
Total logic elements : 426
    Total combinational functions : 306
    Dedicated logic registers : 124
Total registers : 124
Total pins : 41
Total virtual pins : 0
Total memory bits : 0
Embedded Multiplier 9-bit elements : 0
Total PLLs : 0
------------------------------------------------------------
TimeQuest Timing Analyzer Summary
------------------------------------------------------------

Type  : Slow 1200mV 85C Model Setup 'CLK_50'
Slack : 2.046
TNS   : 0.000

Type  : Slow 1200mV 85C Model Hold 'CLK_50'
Slack : 1.753
TNS   : 0.000

Type  : Slow 1200mV 85C Model Minimum Pulse Width 'CLK_50'
Slack : 4.779
TNS   : 0.000

Type  : Slow 1200mV 0C Model Setup 'CLK_50'
Slack : 2.382
TNS   : 0.000

Type  : Slow 1200mV 0C Model Hold 'CLK_50'
Slack : 1.577
TNS   : 0.000

Type  : Slow 1200mV 0C Model Minimum Pulse Width 'CLK_50'
Slack : 4.789
TNS   : 0.000

Type  : Fast 1200mV 0C Model Setup 'CLK_50'
Slack : 6.586
TNS   : 0.000

Type  : Fast 1200mV 0C Model Hold 'CLK_50'
Slack : 0.696
TNS   : 0.000

Type  : Fast 1200mV 0C Model Minimum Pulse Width 'CLK_50'
Slack : 4.267
TNS   : 0.000

------------------------------------------------------------
